// Jest Snapshot v1, https://goo.gl/fbAQLP

exports[`Navigation should match the snapshot 1`] = `
ShallowWrapper {
  Symbol(enzyme.__root__): [Circular],
  Symbol(enzyme.__unrendered__): <Unknown />,
  Symbol(enzyme.__renderer__): Object {
    "batchedUpdates": [Function],
    "getNode": [Function],
    "render": [Function],
    "simulateError": [Function],
    "simulateEvent": [Function],
    "unmount": [Function],
  },
  Symbol(enzyme.__node__): Object {
    "instance": null,
    "key": undefined,
    "nodeType": "host",
    "props": Object {
      "children": <NavLink
        activeClassName="active"
        aria-current="page"
        className="side-nav-link nav-link-contacts"
        exact={true}
        to="/contacts"
>
        Contacts
</NavLink>,
      "className": "nav-link-bar",
    },
    "ref": null,
    "rendered": Object {
      "instance": null,
      "key": undefined,
      "nodeType": "function",
      "props": Object {
        "activeClassName": "active",
        "aria-current": "page",
        "children": "Contacts",
        "className": "side-nav-link nav-link-contacts",
        "exact": true,
        "to": "/contacts",
      },
      "ref": null,
      "rendered": "Contacts",
      "type": [Function],
    },
    "type": "header",
  },
  Symbol(enzyme.__nodes__): Array [
    Object {
      "instance": null,
      "key": undefined,
      "nodeType": "host",
      "props": Object {
        "children": <NavLink
          activeClassName="active"
          aria-current="page"
          className="side-nav-link nav-link-contacts"
          exact={true}
          to="/contacts"
>
          Contacts
</NavLink>,
        "className": "nav-link-bar",
      },
      "ref": null,
      "rendered": Object {
        "instance": null,
        "key": undefined,
        "nodeType": "function",
        "props": Object {
          "activeClassName": "active",
          "aria-current": "page",
          "children": "Contacts",
          "className": "side-nav-link nav-link-contacts",
          "exact": true,
          "to": "/contacts",
        },
        "ref": null,
        "rendered": "Contacts",
        "type": [Function],
      },
      "type": "header",
    },
  ],
  Symbol(enzyme.__options__): Object {
    "adapter": ReactSixteenAdapter {
      "options": Object {
        "enableComponentDidUpdateOnSetState": true,
        "lifecycles": Object {
          "componentDidUpdate": Object {
            "onSetState": true,
          },
          "getDerivedStateFromProps": true,
          "getSnapshotBeforeUpdate": true,
          "setState": Object {
            "skipsComponentDidUpdateOnNullish": true,
          },
        },
      },
    },
    "attachTo": undefined,
    "hydrateIn": undefined,
  },
}
`;
