// Jest Snapshot v1, https://goo.gl/fbAQLP

exports[`SignUpHome should match the snapshot 1`] = `
ShallowWrapper {
  Symbol(enzyme.__root__): [Circular],
  Symbol(enzyme.__unrendered__): <SignUpHome />,
  Symbol(enzyme.__renderer__): Object {
    "batchedUpdates": [Function],
    "getNode": [Function],
    "render": [Function],
    "simulateError": [Function],
    "simulateEvent": [Function],
    "unmount": [Function],
  },
  Symbol(enzyme.__node__): Object {
    "instance": null,
    "key": undefined,
    "nodeType": "host",
    "props": Object {
      "children": Array [
        <NavLink
          activeClassName="active"
          aria-current="page"
          className="nav-link nav-link-signup-elder"
          exact={true}
          to="/sign-up-elder"
>
          Elder
</NavLink>,
        <NavLink
          activeClassName="active"
          aria-current="page"
          className="nav-link nav-link-signup-carer"
          exact={true}
          to="/sign-up-carer"
>
          Carer
</NavLink>,
      ],
      "className": "signup-btns",
    },
    "ref": null,
    "rendered": Array [
      Object {
        "instance": null,
        "key": undefined,
        "nodeType": "function",
        "props": Object {
          "activeClassName": "active",
          "aria-current": "page",
          "children": "Elder",
          "className": "nav-link nav-link-signup-elder",
          "exact": true,
          "to": "/sign-up-elder",
        },
        "ref": null,
        "rendered": "Elder",
        "type": [Function],
      },
      Object {
        "instance": null,
        "key": undefined,
        "nodeType": "function",
        "props": Object {
          "activeClassName": "active",
          "aria-current": "page",
          "children": "Carer",
          "className": "nav-link nav-link-signup-carer",
          "exact": true,
          "to": "/sign-up-carer",
        },
        "ref": null,
        "rendered": "Carer",
        "type": [Function],
      },
    ],
    "type": "section",
  },
  Symbol(enzyme.__nodes__): Array [
    Object {
      "instance": null,
      "key": undefined,
      "nodeType": "host",
      "props": Object {
        "children": Array [
          <NavLink
            activeClassName="active"
            aria-current="page"
            className="nav-link nav-link-signup-elder"
            exact={true}
            to="/sign-up-elder"
>
            Elder
</NavLink>,
          <NavLink
            activeClassName="active"
            aria-current="page"
            className="nav-link nav-link-signup-carer"
            exact={true}
            to="/sign-up-carer"
>
            Carer
</NavLink>,
        ],
        "className": "signup-btns",
      },
      "ref": null,
      "rendered": Array [
        Object {
          "instance": null,
          "key": undefined,
          "nodeType": "function",
          "props": Object {
            "activeClassName": "active",
            "aria-current": "page",
            "children": "Elder",
            "className": "nav-link nav-link-signup-elder",
            "exact": true,
            "to": "/sign-up-elder",
          },
          "ref": null,
          "rendered": "Elder",
          "type": [Function],
        },
        Object {
          "instance": null,
          "key": undefined,
          "nodeType": "function",
          "props": Object {
            "activeClassName": "active",
            "aria-current": "page",
            "children": "Carer",
            "className": "nav-link nav-link-signup-carer",
            "exact": true,
            "to": "/sign-up-carer",
          },
          "ref": null,
          "rendered": "Carer",
          "type": [Function],
        },
      ],
      "type": "section",
    },
  ],
  Symbol(enzyme.__options__): Object {
    "adapter": ReactSixteenAdapter {
      "options": Object {
        "enableComponentDidUpdateOnSetState": true,
        "lifecycles": Object {
          "componentDidUpdate": Object {
            "onSetState": true,
          },
          "getDerivedStateFromProps": true,
          "getSnapshotBeforeUpdate": true,
          "setState": Object {
            "skipsComponentDidUpdateOnNullish": true,
          },
        },
      },
    },
    "attachTo": undefined,
    "hydrateIn": undefined,
  },
}
`;
